2025-04-06 23:50:54,088 - INFO - 开始处理: 2025-04-06 23:50:54.088587
2025-04-06 23:50:54,088 - INFO - 步骤1: 加载和预处理数据...
2025-04-06 23:50:55,166 - INFO - 数据加载完成，共 65575 条记录，耗时: 1.08秒
2025-04-06 23:50:55,170 - INFO - 跳过构建实体库，直接加载现有文件...
2025-04-06 23:50:55,455 - INFO - 实体库构建/加载完成，共 56903 个实体，耗时: 0.28秒
2025-04-06 23:50:55,463 - WARNING - 警告: 有 56903 个实体没有共现关系
2025-04-06 23:50:55,463 - INFO - 步骤3: 计算指标...
2025-04-07 00:01:44,020 - INFO - 开始处理: 2025-04-07 00:01:44.020699
2025-04-07 00:01:44,020 - INFO - 步骤1: 加载和预处理数据...
2025-04-07 00:01:45,098 - INFO - 数据加载完成，共 65575 条记录，耗时: 1.08秒
2025-04-07 00:01:45,102 - INFO - 跳过构建实体库，直接加载现有文件...
2025-04-07 00:01:45,359 - INFO - 实体库构建/加载完成，共 56903 个实体，耗时: 0.26秒
2025-04-07 00:01:45,367 - WARNING - 警告: 有 56903 个实体没有共现关系
2025-04-07 00:01:45,367 - INFO - 步骤3: 计算指标...
2025-04-07 18:25:03,675 - INFO - 开始处理: 2025-04-07 18:25:03.675375
2025-04-07 18:25:03,677 - INFO - 步骤1: 加载和预处理数据...
2025-04-07 18:25:04,558 - INFO - 数据加载完成，共 65575 条记录，耗时: 0.88秒
2025-04-07 18:25:04,559 - INFO - 步骤2: 构建实体库...
2025-04-07 18:33:43,290 - INFO - 实体库构建/加载完成，共 56903 个实体，耗时: 8分38.73秒
2025-04-07 18:33:43,314 - WARNING - 警告: 有 56903 个实体没有共现关系
2025-04-07 18:33:43,314 - INFO - 步骤3: 计算指标...
2025-04-07 19:03:08,918 - INFO - 开始处理: 2025-04-07 19:03:08.918279
2025-04-07 19:03:08,918 - INFO - 步骤1: 加载和预处理数据...
2025-04-07 19:03:09,762 - INFO - 数据加载完成，共 65575 条记录，耗时: 0.84秒
2025-04-07 19:03:09,762 - INFO - 步骤2: 构建实体库...
2025-04-07 19:03:10,011 - INFO - 实体库构建/加载完成，共 56903 个实体，耗时: 0.25秒
2025-04-07 19:03:10,019 - WARNING - 警告: 有 56903 个实体没有共现关系
2025-04-07 19:03:10,020 - INFO - 步骤3: 计算指标...
2025-04-07 19:07:51,075 - INFO - 开始处理: 2025-04-07 19:07:51.075770
2025-04-07 19:07:51,076 - INFO - 步骤1: 加载和预处理数据...
2025-04-07 19:07:51,938 - INFO - 数据加载完成，共 65575 条记录，耗时: 0.86秒
2025-04-07 19:07:51,939 - INFO - 步骤2: 构建实体库...
2025-04-07 19:16:38,876 - INFO - 实体库构建/加载完成，共 57969 个实体，耗时: 8分46.94秒
2025-04-07 19:16:38,903 - WARNING - 警告: 有 57969 个实体没有共现关系
2025-04-07 19:16:38,904 - INFO - 步骤3: 计算指标...
2025-04-07 19:34:51,217 - INFO - 开始处理: 2025-04-07 19:34:51.217110
2025-04-07 19:34:51,217 - INFO - 步骤1: 加载和预处理数据...
2025-04-07 19:34:52,144 - INFO - 数据加载完成，共 65575 条记录，耗时: 0.93秒
2025-04-07 19:34:52,146 - INFO - 步骤2: 构建实体库...
2025-04-07 19:42:39,329 - ERROR - 处理过程中发生错误: 
2025-04-07 19:42:39,331 - ERROR - Traceback (most recent call last):
  File "D:\anaconda3\envs\pytorch\Lib\multiprocessing\connection.py", line 328, in _recv_bytes
    nread, err = ov.GetOverlappedResult(True)
                 ^^^^^^^^^^^^^^^^^^^^^^^^^^^^
BrokenPipeError: [WinError 109] 管道已结束。

During handling of the above exception, another exception occurred:

Traceback (most recent call last):
  File "D:\Projects\AI-Project\calculate\main.py", line 148, in main
    entity_lib = build_entity_library(df, entity_lib_path, num_processes=args.num_processes)
                 ^^^^^^^^^^^^^^^^^^^^^^^^^^^^^^^^^^^^^^^^^^^^^^^^^^^^^^^^^^^^^^^^^^^^^^^^^^^
  File "D:\Projects\AI-Project\calculate\src\core\entity_library.py", line 166, in build_entity_library
    "count": int(entity_count[e]),
                 ~~~~~~~~~~~~^^^
  File "<string>", line 2, in __getitem__
  File "D:\anaconda3\envs\pytorch\Lib\multiprocessing\managers.py", line 822, in _callmethod
    kind, result = conn.recv()
                   ^^^^^^^^^^^
  File "D:\anaconda3\envs\pytorch\Lib\multiprocessing\connection.py", line 250, in recv
    buf = self._recv_bytes()
          ^^^^^^^^^^^^^^^^^^
  File "D:\anaconda3\envs\pytorch\Lib\multiprocessing\connection.py", line 337, in _recv_bytes
    raise EOFError
EOFError

2025-04-07 19:43:23,756 - INFO - 开始处理: 2025-04-07 19:43:23.756250
2025-04-07 19:43:23,757 - INFO - 步骤1: 加载和预处理数据...
2025-04-07 19:43:24,834 - INFO - 数据加载完成，共 65575 条记录，耗时: 1.08秒
2025-04-07 19:43:24,834 - INFO - 跳过构建实体库，直接加载现有文件...
2025-04-07 19:43:25,236 - INFO - 实体库构建/加载完成，共 56903 个实体，耗时: 0.40秒
2025-04-07 19:43:25,244 - WARNING - 警告: 有 21102 个实体没有共现关系
2025-04-07 19:43:25,244 - INFO - 步骤3: 计算指标...
2025-04-07 19:58:41,555 - INFO - 指标计算完成，结果已保存至 D:\Projects\AI-Project\calculate\data\output\metrics_results.csv，耗时: 15分16.31秒
2025-04-07 19:58:41,557 - INFO - 步骤4: 合并原始数据和指标...
2025-04-07 19:58:41,582 - INFO - 步骤5: 计算权重和综合得分...
2025-04-07 19:58:41,596 - INFO - 指标权重: Novelty: 0.023, Trend: 0.042, Applicability: 0.007, Dependency: 0.347, Replaceability: 0.236, Maturity: 0.345
2025-04-07 19:58:41,618 - INFO - 步骤6: 保存最终结果...
2025-04-07 19:58:42,551 - INFO - 最终结果已保存至 D:\Projects\AI-Project\calculate\data\output\final_output_with_metrics.csv，耗时: 0.99秒
2025-04-07 19:58:42,551 - INFO - 处理完成: 2025-04-07 19:58:42.551974
2025-04-07 19:58:42,552 - INFO - 总耗时: 15分18.80秒
2025-04-07 19:58:42,552 - INFO - 平均每条记录处理时间: 0.0140 秒
2025-04-07 21:20:34,333 - INFO - 开始处理: 2025-04-07 21:20:34.333869
2025-04-07 21:20:34,335 - INFO - 步骤1: 加载和预处理数据...
2025-04-07 21:20:34,336 - ERROR - 处理过程中发生错误: [Errno 2] No such file or directory: 'D:\\Projects\\AI-Project\\calculate\\data\\input\\extracted_entities.csv'
2025-04-07 21:20:34,337 - ERROR - Traceback (most recent call last):
  File "D:\Projects\AI-Project\calculate\main.py", line 138, in main
    df, entities_list = prepare_data(args.input)
                        ^^^^^^^^^^^^^^^^^^^^^^^^
  File "D:\Projects\AI-Project\calculate\src\core\data_loader.py", line 79, in prepare_data
    df = load_data(input_file)
         ^^^^^^^^^^^^^^^^^^^^^
  File "D:\Projects\AI-Project\calculate\src\core\data_loader.py", line 19, in load_data
    encoding = detect_encoding(file_path)
               ^^^^^^^^^^^^^^^^^^^^^^^^^^
  File "D:\Projects\AI-Project\calculate\src\core\data_loader.py", line 12, in detect_encoding
    with open(file_path, 'rb') as f:
         ^^^^^^^^^^^^^^^^^^^^^
FileNotFoundError: [Errno 2] No such file or directory: 'D:\\Projects\\AI-Project\\calculate\\data\\input\\extracted_entities.csv'

2025-04-07 21:21:49,320 - INFO - 开始处理: 2025-04-07 21:21:49.320082
2025-04-07 21:21:49,320 - INFO - 步骤1: 加载和预处理数据...
2025-04-07 21:21:50,269 - INFO - 数据加载完成，共 65575 条记录，耗时: 0.95秒
2025-04-07 21:21:50,269 - INFO - 跳过构建实体库，直接加载现有文件...
2025-04-07 21:21:50,844 - INFO - 实体库构建/加载完成，共 56903 个实体，耗时: 0.57秒
2025-04-07 21:21:50,853 - WARNING - 警告: 有 21102 个实体没有共现关系
2025-04-07 21:21:50,854 - INFO - 步骤3: 计算指标...
2025-04-07 21:25:56,478 - INFO - 开始处理: 2025-04-07 21:25:56.478851
2025-04-07 21:25:56,478 - INFO - 步骤1: 加载和预处理数据...
2025-04-07 21:25:57,320 - INFO - 数据加载完成，共 65575 条记录，耗时: 0.84秒
2025-04-07 21:25:57,321 - INFO - 跳过构建实体库，直接加载现有文件...
2025-04-07 21:25:57,713 - INFO - 实体库构建/加载完成，共 56903 个实体，耗时: 0.39秒
2025-04-07 21:25:57,722 - WARNING - 警告: 有 21102 个实体没有共现关系
2025-04-07 21:25:57,723 - INFO - 步骤3: 计算指标...
2025-04-07 22:01:11,477 - INFO - 开始处理: 2025-04-07 22:01:11.476622
2025-04-07 22:01:11,477 - INFO - 步骤1: 加载和预处理数据...
2025-04-07 22:01:12,387 - INFO - 数据加载完成，共 65575 条记录，耗时: 0.91秒
2025-04-07 22:01:12,388 - INFO - 跳过构建实体库，直接加载现有文件...
2025-04-07 22:01:12,824 - INFO - 实体库构建/加载完成，共 56903 个实体，耗时: 0.44秒
2025-04-07 22:01:12,834 - WARNING - 警告: 有 21102 个实体没有共现关系
2025-04-07 22:01:12,835 - INFO - 步骤3: 计算指标和综合得分...
2025-04-07 22:22:29,900 - INFO - 指标计算完成，结果已保存至 D:\Projects\AI-Project\calculate\data\output\metrics_results.csv，耗时: 21分17.07秒
2025-04-07 22:22:29,904 - INFO - 处理完成: 2025-04-07 22:22:29.902998
2025-04-07 22:22:29,904 - INFO - 总耗时: 21分18.43秒
2025-04-07 22:22:29,904 - INFO - 平均每条记录处理时间: 0.0195 秒
2025-04-07 22:28:23,647 - INFO - 开始处理: 2025-04-07 22:28:23.647695
2025-04-07 22:28:23,647 - INFO - 步骤1: 加载和预处理数据...
2025-04-07 22:28:24,838 - INFO - 数据加载完成，共 65575 条记录，耗时: 1.19秒
2025-04-07 22:28:24,839 - INFO - 跳过构建实体库，直接加载现有文件...
2025-04-07 22:28:25,529 - INFO - 实体库构建/加载完成，共 56903 个实体，耗时: 0.69秒
2025-04-07 22:28:25,546 - WARNING - 警告: 有 21102 个实体没有共现关系
2025-04-07 22:28:25,546 - INFO - 步骤3: 计算指标和综合得分...
2025-04-07 22:28:57,297 - INFO - 开始处理: 2025-04-07 22:28:57.297486
2025-04-07 22:28:57,297 - INFO - 步骤1: 加载和预处理数据...
2025-04-07 22:28:58,427 - INFO - 数据加载完成，共 65575 条记录，耗时: 1.13秒
2025-04-07 22:28:58,427 - INFO - 跳过构建实体库，直接加载现有文件...
2025-04-07 22:28:58,934 - INFO - 实体库构建/加载完成，共 56903 个实体，耗时: 0.51秒
2025-04-07 22:28:58,947 - WARNING - 警告: 有 21102 个实体没有共现关系
2025-04-07 22:28:58,948 - INFO - 步骤3: 计算指标和综合得分...
2025-04-08 08:01:54,422 - INFO - 开始处理: 2025-04-08 08:01:54.422511
2025-04-08 08:01:54,425 - INFO - 步骤1: 加载和预处理数据...
2025-04-08 08:01:55,285 - INFO - 数据加载完成，共 65575 条记录，耗时: 0.86秒
2025-04-08 08:01:55,285 - INFO - 跳过构建实体库，直接加载现有文件...
2025-04-08 08:01:55,672 - INFO - 实体库构建/加载完成，共 56903 个实体，耗时: 0.39秒
2025-04-08 08:01:55,685 - WARNING - 警告: 有 21102 个实体没有共现关系
2025-04-08 08:01:55,686 - INFO - 步骤3: 计算指标和综合得分...
2025-04-08 08:16:48,897 - INFO - 指标计算完成，结果已保存至 D:\Projects\AI-Project\calculate\data\output\metrics_results.csv，耗时: 14分53.21秒
2025-04-08 08:16:48,900 - INFO - 处理完成: 2025-04-08 08:16:48.900790
2025-04-08 08:16:48,900 - INFO - 总耗时: 14分54.48秒
2025-04-08 08:16:48,900 - INFO - 平均每条记录处理时间: 0.0136 秒
2025-04-30 17:41:59,520 - INFO - 开始处理: 2025-04-30 17:41:59.520839
2025-04-30 17:41:59,521 - INFO - 步骤1: 加载和预处理数据...
2025-04-30 17:42:00,433 - INFO - 数据加载完成，共 65575 条记录，耗时: 0.91秒
2025-04-30 17:42:00,433 - INFO - 步骤2: 构建实体库...
2025-04-30 17:42:00,884 - INFO - 实体库构建/加载完成，共 56903 个实体，耗时: 0.45秒
2025-04-30 17:42:00,894 - WARNING - 警告: 有 21102 个实体没有共现关系
2025-04-30 17:42:00,894 - INFO - 步骤3: 计算指标和综合得分...
2025-04-30 17:59:56,221 - INFO - 指标计算完成，结果已保存至 d:\Projects\AI-Project\calculate\data\output\metrics_results.csv，耗时: 17分55.33秒
2025-04-30 17:59:56,223 - INFO - 处理完成: 2025-04-30 17:59:56.223798
2025-04-30 17:59:56,223 - INFO - 总耗时: 17分56.70秒
2025-04-30 17:59:56,223 - INFO - 平均每条记录处理时间: 0.0164 秒
2025-04-30 18:57:57,914 - INFO - 开始处理: 2025-04-30 18:57:57.914051
2025-04-30 18:57:57,914 - INFO - 步骤1: 加载和预处理数据...
2025-04-30 18:57:58,782 - INFO - 数据加载完成，共 65575 条记录，耗时: 0.87秒
2025-04-30 18:57:58,783 - INFO - 步骤2: 构建实体库...
2025-04-30 18:57:59,168 - INFO - 实体库构建/加载完成，共 56903 个实体，耗时: 0.39秒
2025-04-30 18:57:59,168 - WARNING - 警告: 有 21102 个实体没有共现关系
2025-04-30 18:57:59,168 - INFO - 步骤3: 计算指标和综合得分...
2025-04-30 18:58:00,022 - INFO - 指标权重: Novelty: 0.0227, Trend: 0.0421, Applicability: 0.0073, Dependency: 0.3472, Replaceability: 0.2356, Maturity: 0.3452
2025-04-30 18:58:00,022 - INFO - 指标权重已保存到: d:\Projects\AI-Project\calculate\data\output\indicator_weights.json
2025-04-30 18:58:00,424 - INFO - 指标计算完成，结果已保存至 d:\Projects\AI-Project\calculate\data\output\metrics_results.csv，耗时: 1.26秒
2025-04-30 18:58:00,429 - INFO - 处理完成: 2025-04-30 18:58:00.429801
2025-04-30 18:58:00,430 - INFO - 总耗时: 2.52秒
2025-04-30 18:58:00,430 - INFO - 平均每条记录处理时间: 0.0000 秒
